// Jest Snapshot v1, https://goo.gl/fbAQLP

exports[`App renderer test Should render the template 1`] = `
"
<!DOCTYPE html>
<html>
  <head>
    <meta charset=\\"utf-8\\">
    <title>Todos</title>
    <style type=\\"text/css\\" id=\\"styles\\">
      .container-0-0-1 {
  max-width: 800px;
  margin: auto;
  text-align: center;
}
.numberOfItems-0-0-2 {
  padding: 16px;
}
.item-0-0-3 {
  padding: 8px;
}
.date-0-0-5 {
  font-size: 10px;
  padding: 0 8px;
  color: gray;
}
.icon-0-0-6 {
  background-repeat: no-repeat;
  background-size: 18px 18px;
  width: 18px;
  height: 18px;
  border: none;
  padding: 0 12px;
}
.deleteButton-0-0-7 {
  background-image: url('icons/delete.svg');
}
.editButton-0-0-8 {
  background-image: url('icons/edit.svg');
}
.disabledEditButton-0-0-9 {
  opacity: 0.3;
}
.saveButton-0-0-10 {
  background-image: url('icons/save.svg');
}
.todoInput-0-0-11 {
  display: flex;
  justify-content: space-evenly;
  width: 300px;
  margin: auto;
  padding: 16px;
}
.todoTextInput-0-0-12 {
  height: 14px;
  border-bottom: 1px solid blue;
  border-top: 0;
  border-left: 0;
  border-right: 0;
}
    </style>
  </head>
  <body>
    <div id=\\"main-container\\"><div class=\\"container-0-0-1\\" data-reactroot=\\"\\"><h1>Todos</h1><h2 class=\\"numberOfItems-0-0-2\\">0<!-- --> Item(s)</h2><form class=\\"todoInput-0-0-11\\"><label for=\\"todoInput\\">Add todo here</label><input type=\\"text\\" class=\\"todoTextInput-0-0-12\\" id=\\"todoInput\\" required=\\"\\"/><button class=\\"icon-0-0-6 saveButton-0-0-10\\" type=\\"submit\\" aria-label=\\"save\\"></button></form></div></div>
    <script src=\\"/js/app.js\\" type=\\"text/javascript\\"></script>
  </body>
</html>
"
`;
